もげおに恋人ができない最大の理由
『 積 極 性 や 行 動 力 が な い 』
#恋人ができない最大の理由は
https://t.co/kmvSsMxvfA

ゆいにはアピッてるのに．．．
もげおは隠している…

ヤ 実
ン は
デ 信
レ じ
　 ら
　 れ
　 な
　 い
　 く
　 ら
　 い

ということを…
#あなたは隠している
https://t.co/RnseFqhS32

ヤンデレって何？美味しいの？
もげおが死ぬ日が必ず来る訳で、私も時折その時の事考えると憂鬱なんだけど、
私は死を理由にペットを迎え入れるのを躊躇う全ての人に捧げるアドバイスとして猪木さんのこれが一番近いと思う。 https://t.co/AtzjNuPlZV
帰って疲れ果て毛布にくるまってる。

焼いたチーズとお茶を少しずつ口にしながら、静かな部屋でぼーっとしてるともげおが毛布の中に入ってきた。

何だかよくわかんないけど、しあわせ。
はぁ〜〜〜〜心臓もげお
@BBBpai やめて吹いたキタネードブｗｗｗｗｗｗｗｗｗｗｗｗひいｗｗｗｗｗｗｗひいひいふうｗｗｗｗひいｗｗｗｗふっきんしぬｗｗｗｗキタネードブとゆうパワーワードｗｗｗｗまいおが飛び込むはずｗｗｗｗもげおは橋の上でたこ焼きパーティーしてるね🐙('-' 🐙)🐙🐙
そいえば　あんあんはつたやにもげおにも無くて、諦めてたらみらいどうに山積みされてた。
しかし、映画館と真逆なので遠い…前説間に合わないかもと焦った（見れた）
また肩がもげおになってしまう
ドラえもんのこの道具がほしい https://t.co/xye8ni0DFU
(もげお許さない)
LINEの一言、吹部の定演の宣伝をみんなしてて、そういうところがすごく好きだな〜ってしみじみ思った。もげお懐かしかったです。部活に行きたい。部活のみんなに会いたいな笑
部活行けてなくて申し訳なさ半端ないです。4/7は町田市民ホールへ！
来てね！！！
【速報】

もげおはたった今ちねパンマンのツイートで明後日から学校があり明後日に課題を提出しないといけない事に気が付きました。
えー、そしてもげお氏まだ1つも課題に手を付けておりません。

以上速報でした。
@Eagle_fortnite もげお
もげおのせいで全部ヒロシです…のトーンで脳内再生されるトマト王子ツイ(cv宮野真守)
嬉しい事にフォロワーさんが増えてるので（ありがとうございます(;_;)）フォロワーさんの整理をしたいと思いますっ！

📛名前
📛担当（掛け持ちならその人も）
📛もげおと絡んだ事あるか
📛同担拒否か

どんどんリプください！お願いします
⚠️見た人強制でお願いします(._.)笑 https://t.co/5gS2rpGZcl
